name: models
services:
  app:
    image: app
    models:
      ai_model: {}
    networks:
      default: null
  withendpoint:
    image: app
    models:
      my_model:
        endpoint_var: MODEL_URL
    networks:
      default: null
networks:
  default:
    name: models_default
models:
  ai_model:
    model: ai/model
  my_model:
    model: ai/model
    context_size: 1024
    runtime_flags:
      - --a-flag
      - --another-flag=42
