name: redis
services:
  x:
    image: redis
    networks:
      default: null
    x-defang-redis:
      allow-downtime: true
      retention:
        final-snapshot-name: final-snapshot
        retention-period: 30d
        snapshot-to-load-on-startup: old-snapshot
  "y":
    image: example
    networks:
      default: null
    x-defang-redis: null
  z:
    image: redis
    networks:
      default: null
networks:
  default:
    name: redis_default
