[95m * Service environment variables resolution summary:
[0m[1m
SERVICE  ENVIRONMENT     SOURCE   VALUE[0m
app      APP_ENV         Compose  production  
app      ENCRYPTION_KEY  Compose  9f86***     
app      LOG_LEVEL       Compose  info        
app      SESSION_SECRET  Compose  VEfk***     
app      SIGNING_KEY     Compose  xK9m***     
