name: mongo
services:
  mongo:
    environment:
      MONGO_INITDB_ROOT_PASSWORD: example!
      MONGO_INITDB_ROOT_USERNAME: root
    image: mongo
    networks:
      default: null
    restart: always
    x-defang-mongodb: true
  mongo-express:
    depends_on:
      mongo:
        condition: service_started
        required: true
    environment:
      ME_CONFIG_BASICAUTH: "false"
      ME_CONFIG_MONGODB_ADMINPASSWORD: example!
      ME_CONFIG_MONGODB_ADMINUSERNAME: root
      ME_CONFIG_MONGODB_URL: mongodb://root:example!@mongo:27017/
    image: mongo-express
    networks:
      default: null
    ports:
      - mode: ingress
        target: 8081
        published: "8081"
        protocol: tcp
    restart: always
networks:
  default:
    name: mongo_default
