[95m * Service environment variables resolution summary:
[0m[1m
SERVICE   ENVIRONMENT   SOURCE                 VALUE[0m
service1  API_ENDPOINT  Compose                https://api.example.com                              
service1  AUTH_HEADER   Config (interpolated)  Bearer ${API_TOKEN}                                  
service1  DATABASE_URL  Config (interpolated)  postgres://${DB_USER}:${DB_PASSWORD}@localhost/mydb  
