[95m * Service environment variables resolution summary:
[0m[1m
SERVICE  ENVIRONMENT    SOURCE   VALUE[0m
backend  API_KEY        Compose  api-**          
backend  APP_NAME       Compose  my-application  
backend  AUTH_PASSWORD  Compose  pass**          
backend  NORMAL_CONFIG  Compose  debug           
backend  SECRET_TOKEN   Compose  secr**          
