[95m * Service environment variables resolution summary:
[0m[1m
SERVICE   ENVIRONMENT  SOURCE   VALUE[0m
service1  PLAIN_VAR    Compose  plain_value                        
service1  PUBLIC_URL   Compose  https://example-from_ENV_FILE.com  
service1  SECRET_KEY   Compose  from_ENV                           
