[95m * ENVIRONMENT VARIABLES RESOLUTION SUMMARY:
[0m[1m
SERVICE   ENVIRONMENT   VALUE       SOURCE[0m
service1  EMPTY_VAR                 Config   
service1  WITH_VALUE    some_value  Compose  
service2  EMPTY_STRING              Compose  
service2  EMPTY_VAR                 Config   
service2  WITH_VALUE    some_value  Compose  
