name: railpack
services:
  railpackwithdockerfile:
    build:
      context: .
      dockerfile: Dockerfile
    networks:
      default: null
  wrailpack-long:
    build:
      context: .
      dockerfile: Dockerfile
    networks:
      default: null
  wrailpack-short:
    build:
      context: .
      dockerfile: Dockerfile
    networks:
      default: null
networks:
  default:
    name: railpack_default
