[95m * Service environment variables resolution summary:
[0m[1m
SERVICE   ENVIRONMENT     VALUE       SOURCE[0m
service1  APP_ENV         production  Compose  
service1  DATABASE_URL    *****       Config   
service1  LOG_LEVEL       info        Compose  
service2  REDIS_PASSWORD  *****       Config   
service2  REDIS_PORT      6379        Compose  
service3  DB_USER         Defang      Compose  
