name: redis
services:
  no-ext:
    image: redis
    networks:
      default: null
    ports:
      - mode: host
        target: 6379
        protocol: tcp
  no-ports:
    image: redis
    networks:
      default: null
    x-defang-redis: null
  with-ext:
    image: redis
    networks:
      default: null
    ports:
      - mode: host
        target: 6379
        protocol: tcp
    x-defang-redis: null
  wrong-image:
    image: example
    networks:
      default: null
    ports:
      - mode: host
        target: 6379
        protocol: tcp
    x-defang-redis: null
networks:
  default:
    name: redis_default
