[95m * Service environment variables resolution summary:
[0m[1m
SERVICE  ENVIRONMENT    SOURCE   VALUE[0m
web      CALLBACK_URL   Compose  https://user:p845w0rd@hooks.example.com/callback                                                                              
web      REDIS_ALT_URL  Compose  rediss://:p41fce90d44ac1d891bd21fdbc5dfc1bd7f163e33a6934c30093eaf56c1c23937@ec2-98-85-106-43.compute-1.amazonaws.com:8240     
web      REDIS_URL      Compose  rediss://foo:p41fce90d44ac1d891bd21fdbc5dfc1bd7f163e33a6934c30093eaf56c1c23937@ec2-98-85-106-43.compute-1.amazonaws.com:8240  
web      SAFE_URL       Compose  https://example.com/api/v1                                                                                                    
web      WEBHOOK_URL    Compose  https://user:p455w0rd@example.com                                                                                             
